[INFO] Scanning for projects...
[INFO] 
[INFO] ----------------< com.mariageplus:mariageplus-backend >-----------------
[INFO] Building MariagePlus 1.0.0
[INFO]   from pom.xml
[INFO] --------------------------------[ jar ]---------------------------------
Terminer le programme de commandes (O/N)ÿ? Terminer le programme de commandes (O/N)ÿ? 